#-----------------------------------------------------------
# Vivado v2023.2 (64-bit)
# SW Build 4029153 on Fri Oct 13 20:13:54 MDT 2023
# IP Build 4028589 on Sat Oct 14 00:45:43 MDT 2023
# SharedData Build 4025554 on Tue Oct 10 17:18:54 MDT 2023
# Start of session at: Sat May  4 21:00:33 2024
# Process ID: 152979
# Current directory: /home/benny/work/fpga/vivado/i2s2_2/Pmod-I2S2-Arty-S7-50.runs/reciever_phase_provider_0_0_synth_1
# Command line: vivado -log reciever_phase_provider_0_0.vds -product Vivado -mode batch -messageDb vivado.pb -notrace -source reciever_phase_provider_0_0.tcl
# Log file: /home/benny/work/fpga/vivado/i2s2_2/Pmod-I2S2-Arty-S7-50.runs/reciever_phase_provider_0_0_synth_1/reciever_phase_provider_0_0.vds
# Journal file: /home/benny/work/fpga/vivado/i2s2_2/Pmod-I2S2-Arty-S7-50.runs/reciever_phase_provider_0_0_synth_1/vivado.jou
# Running On: acidrain, OS: Linux, CPU Frequency: 3249.720 MHz, CPU Physical cores: 4, Host memory: 16639 MB
#-----------------------------------------------------------
source reciever_phase_provider_0_0.tcl -notrace
