Copyright 1986-2022 Xilinx, Inc. All Rights Reserved. Copyright 2022-2023 Advanced Micro Devices, Inc. All Rights Reserved.
---------------------------------------------------------------------------------------------------------------------------------------------
| Tool Version : Vivado v.2023.2 (lin64) Build 4029153 Fri Oct 13 20:13:54 MDT 2023
| Date         : Sat May  4 21:03:04 2024
| Host         : acidrain running 64-bit Ubuntu 24.04 LTS
| Command      : report_drc -file reciever_wrapper_drc_routed.rpt -pb reciever_wrapper_drc_routed.pb -rpx reciever_wrapper_drc_routed.rpx
| Design       : reciever_wrapper
| Device       : xc7s50csga324-1
| Speed File   : -1
| Design State : Fully Routed
---------------------------------------------------------------------------------------------------------------------------------------------

Report DRC

Table of Contents
-----------------
1. REPORT SUMMARY
2. REPORT DETAILS

1. REPORT SUMMARY
-----------------
            Netlist: netlist
          Floorplan: design_1
      Design limits: <entire design considered>
           Ruledeck: default
             Max violations: <unlimited>
             Violations found: 16
+--------+----------+-------------------------------------------------------------------+------------+
| Rule   | Severity | Description                                                       | Violations |
+--------+----------+-------------------------------------------------------------------+------------+
| DPIP-1 | Warning  | Input pipelining                                                  | 11         |
| AVAL-4 | Advisory | enum_USE_DPORT_FALSE_enum_DREG_ADREG_0_connects_CED_CEAD_RSTD_GND | 5          |
+--------+----------+-------------------------------------------------------------------+------------+

2. REPORT DETAILS
-----------------
DPIP-1#1 Warning
Input pipelining  
DSP reciever_i/dds_compiler_0/U0/i_synth/i_dds/I_SINCOS.i_comp_eff.i_eff/MULT_PI_U/i_synth_option.i_synth_model/opt_vx7.i_uniwrap/i_primitive input reciever_i/dds_compiler_0/U0/i_synth/i_dds/I_SINCOS.i_comp_eff.i_eff/MULT_PI_U/i_synth_option.i_synth_model/opt_vx7.i_uniwrap/i_primitive/A[29:0] is not pipelined. Pipelining DSP48 input will improve performance.
Related violations: <none>

DPIP-1#2 Warning
Input pipelining  
DSP reciever_i/dds_compiler_0/U0/i_synth/i_dds/I_SINCOS.i_comp_eff.i_eff/S1_COS_U/i_synth_option.i_synth_model/opt_vx7.i_uniwrap/i_primitive input reciever_i/dds_compiler_0/U0/i_synth/i_dds/I_SINCOS.i_comp_eff.i_eff/S1_COS_U/i_synth_option.i_synth_model/opt_vx7.i_uniwrap/i_primitive/A[29:0] is not pipelined. Pipelining DSP48 input will improve performance.
Related violations: <none>

DPIP-1#3 Warning
Input pipelining  
DSP reciever_i/dds_compiler_0/U0/i_synth/i_dds/I_SINCOS.i_comp_eff.i_eff/S1_COS_U/i_synth_option.i_synth_model/opt_vx7.i_uniwrap/i_primitive input reciever_i/dds_compiler_0/U0/i_synth/i_dds/I_SINCOS.i_comp_eff.i_eff/S1_COS_U/i_synth_option.i_synth_model/opt_vx7.i_uniwrap/i_primitive/B[17:0] is not pipelined. Pipelining DSP48 input will improve performance.
Related violations: <none>

DPIP-1#4 Warning
Input pipelining  
DSP reciever_i/dds_compiler_0/U0/i_synth/i_dds/I_SINCOS.i_comp_eff.i_eff/S1_SIN_U/i_synth_option.i_synth_model/opt_vx7.i_uniwrap/i_primitive input reciever_i/dds_compiler_0/U0/i_synth/i_dds/I_SINCOS.i_comp_eff.i_eff/S1_SIN_U/i_synth_option.i_synth_model/opt_vx7.i_uniwrap/i_primitive/A[29:0] is not pipelined. Pipelining DSP48 input will improve performance.
Related violations: <none>

DPIP-1#5 Warning
Input pipelining  
DSP reciever_i/dds_compiler_0/U0/i_synth/i_dds/I_SINCOS.i_comp_eff.i_eff/S1_SIN_U/i_synth_option.i_synth_model/opt_vx7.i_uniwrap/i_primitive input reciever_i/dds_compiler_0/U0/i_synth/i_dds/I_SINCOS.i_comp_eff.i_eff/S1_SIN_U/i_synth_option.i_synth_model/opt_vx7.i_uniwrap/i_primitive/B[17:0] is not pipelined. Pipelining DSP48 input will improve performance.
Related violations: <none>

DPIP-1#6 Warning
Input pipelining  
DSP reciever_i/dds_compiler_0/U0/i_synth/i_dds/I_SINCOS.i_comp_eff.i_eff/SECOND_ORDER_APPROXIMATION.S2_COS_U/i_synth_option.i_synth_model/opt_vx7.i_uniwrap/i_primitive input reciever_i/dds_compiler_0/U0/i_synth/i_dds/I_SINCOS.i_comp_eff.i_eff/SECOND_ORDER_APPROXIMATION.S2_COS_U/i_synth_option.i_synth_model/opt_vx7.i_uniwrap/i_primitive/A[29:0] is not pipelined. Pipelining DSP48 input will improve performance.
Related violations: <none>

DPIP-1#7 Warning
Input pipelining  
DSP reciever_i/dds_compiler_0/U0/i_synth/i_dds/I_SINCOS.i_comp_eff.i_eff/SECOND_ORDER_APPROXIMATION.S2_COS_U/i_synth_option.i_synth_model/opt_vx7.i_uniwrap/i_primitive input reciever_i/dds_compiler_0/U0/i_synth/i_dds/I_SINCOS.i_comp_eff.i_eff/SECOND_ORDER_APPROXIMATION.S2_COS_U/i_synth_option.i_synth_model/opt_vx7.i_uniwrap/i_primitive/B[17:0] is not pipelined. Pipelining DSP48 input will improve performance.
Related violations: <none>

DPIP-1#8 Warning
Input pipelining  
DSP reciever_i/dds_compiler_0/U0/i_synth/i_dds/I_SINCOS.i_comp_eff.i_eff/SECOND_ORDER_APPROXIMATION.S2_COS_U/i_synth_option.i_synth_model/opt_vx7.i_uniwrap/i_primitive input reciever_i/dds_compiler_0/U0/i_synth/i_dds/I_SINCOS.i_comp_eff.i_eff/SECOND_ORDER_APPROXIMATION.S2_COS_U/i_synth_option.i_synth_model/opt_vx7.i_uniwrap/i_primitive/C[47:0] is not pipelined. Pipelining DSP48 input will improve performance.
Related violations: <none>

DPIP-1#9 Warning
Input pipelining  
DSP reciever_i/dds_compiler_0/U0/i_synth/i_dds/I_SINCOS.i_comp_eff.i_eff/SECOND_ORDER_APPROXIMATION.S2_SIN_U/i_synth_option.i_synth_model/opt_vx7.i_uniwrap/i_primitive input reciever_i/dds_compiler_0/U0/i_synth/i_dds/I_SINCOS.i_comp_eff.i_eff/SECOND_ORDER_APPROXIMATION.S2_SIN_U/i_synth_option.i_synth_model/opt_vx7.i_uniwrap/i_primitive/A[29:0] is not pipelined. Pipelining DSP48 input will improve performance.
Related violations: <none>

DPIP-1#10 Warning
Input pipelining  
DSP reciever_i/dds_compiler_0/U0/i_synth/i_dds/I_SINCOS.i_comp_eff.i_eff/SECOND_ORDER_APPROXIMATION.S2_SIN_U/i_synth_option.i_synth_model/opt_vx7.i_uniwrap/i_primitive input reciever_i/dds_compiler_0/U0/i_synth/i_dds/I_SINCOS.i_comp_eff.i_eff/SECOND_ORDER_APPROXIMATION.S2_SIN_U/i_synth_option.i_synth_model/opt_vx7.i_uniwrap/i_primitive/B[17:0] is not pipelined. Pipelining DSP48 input will improve performance.
Related violations: <none>

DPIP-1#11 Warning
Input pipelining  
DSP reciever_i/dds_compiler_0/U0/i_synth/i_dds/I_SINCOS.i_comp_eff.i_eff/SECOND_ORDER_APPROXIMATION.S2_SIN_U/i_synth_option.i_synth_model/opt_vx7.i_uniwrap/i_primitive input reciever_i/dds_compiler_0/U0/i_synth/i_dds/I_SINCOS.i_comp_eff.i_eff/SECOND_ORDER_APPROXIMATION.S2_SIN_U/i_synth_option.i_synth_model/opt_vx7.i_uniwrap/i_primitive/C[47:0] is not pipelined. Pipelining DSP48 input will improve performance.
Related violations: <none>

AVAL-4#1 Advisory
enum_USE_DPORT_FALSE_enum_DREG_ADREG_0_connects_CED_CEAD_RSTD_GND  
reciever_i/dds_compiler_0/U0/i_synth/i_dds/I_SINCOS.i_comp_eff.i_eff/MULT_PI_U/i_synth_option.i_synth_model/opt_vx7.i_uniwrap/i_primitive: DSP48E1 is not using the D port (USE_DPORT = FALSE). For improved power characteristics, set DREG and ADREG to '1', tie CED, CEAD, and RSTD to logic '0'.
Related violations: <none>

AVAL-4#2 Advisory
enum_USE_DPORT_FALSE_enum_DREG_ADREG_0_connects_CED_CEAD_RSTD_GND  
reciever_i/dds_compiler_0/U0/i_synth/i_dds/I_SINCOS.i_comp_eff.i_eff/S1_COS_U/i_synth_option.i_synth_model/opt_vx7.i_uniwrap/i_primitive: DSP48E1 is not using the D port (USE_DPORT = FALSE). For improved power characteristics, set DREG and ADREG to '1', tie CED, CEAD, and RSTD to logic '0'.
Related violations: <none>

AVAL-4#3 Advisory
enum_USE_DPORT_FALSE_enum_DREG_ADREG_0_connects_CED_CEAD_RSTD_GND  
reciever_i/dds_compiler_0/U0/i_synth/i_dds/I_SINCOS.i_comp_eff.i_eff/S1_SIN_U/i_synth_option.i_synth_model/opt_vx7.i_uniwrap/i_primitive: DSP48E1 is not using the D port (USE_DPORT = FALSE). For improved power characteristics, set DREG and ADREG to '1', tie CED, CEAD, and RSTD to logic '0'.
Related violations: <none>

AVAL-4#4 Advisory
enum_USE_DPORT_FALSE_enum_DREG_ADREG_0_connects_CED_CEAD_RSTD_GND  
reciever_i/dds_compiler_0/U0/i_synth/i_dds/I_SINCOS.i_comp_eff.i_eff/SECOND_ORDER_APPROXIMATION.S2_COS_U/i_synth_option.i_synth_model/opt_vx7.i_uniwrap/i_primitive: DSP48E1 is not using the D port (USE_DPORT = FALSE). For improved power characteristics, set DREG and ADREG to '1', tie CED, CEAD, and RSTD to logic '0'.
Related violations: <none>

AVAL-4#5 Advisory
enum_USE_DPORT_FALSE_enum_DREG_ADREG_0_connects_CED_CEAD_RSTD_GND  
reciever_i/dds_compiler_0/U0/i_synth/i_dds/I_SINCOS.i_comp_eff.i_eff/SECOND_ORDER_APPROXIMATION.S2_SIN_U/i_synth_option.i_synth_model/opt_vx7.i_uniwrap/i_primitive: DSP48E1 is not using the D port (USE_DPORT = FALSE). For improved power characteristics, set DREG and ADREG to '1', tie CED, CEAD, and RSTD to logic '0'.
Related violations: <none>


